Performing C SOURCE FILE Test CMAKE_HAVE_LIBC_PTHREAD failed with the following output:
Change Dir: /home/th27wyci/gencc/cmake-build-debug-gencc/CMakeFiles/CMakeTmp

Run Build Command(s):/usr/bin/gmake -f Makefile cmTC_aa747/fast && /usr/bin/gmake  -f CMakeFiles/cmTC_aa747.dir/build.make CMakeFiles/cmTC_aa747.dir/build
gmake[1]: Entering directory '/work/home/th27wyci/gencc/cmake-build-debug-gencc/CMakeFiles/CMakeTmp'
Building C object CMakeFiles/cmTC_aa747.dir/src.c.o
/shared/apps/gcc/11.2.0/bin/gcc -DCMAKE_HAVE_LIBC_PTHREAD   -o CMakeFiles/cmTC_aa747.dir/src.c.o -c /home/th27wyci/gencc/cmake-build-debug-gencc/CMakeFiles/CMakeTmp/src.c
Linking C executable cmTC_aa747
/usr/bin/cmake -E cmake_link_script CMakeFiles/cmTC_aa747.dir/link.txt --verbose=1
/shared/apps/gcc/11.2.0/bin/gcc CMakeFiles/cmTC_aa747.dir/src.c.o -o cmTC_aa747 
CMakeFiles/cmTC_aa747.dir/src.c.o: In function `main':
src.c:(.text+0x2d): undefined reference to `pthread_create'
src.c:(.text+0x39): undefined reference to `pthread_detach'
src.c:(.text+0x45): undefined reference to `pthread_cancel'
src.c:(.text+0x56): undefined reference to `pthread_join'
collect2: error: ld returned 1 exit status
gmake[1]: *** [CMakeFiles/cmTC_aa747.dir/build.make:99: cmTC_aa747] Error 1
gmake[1]: Leaving directory '/work/home/th27wyci/gencc/cmake-build-debug-gencc/CMakeFiles/CMakeTmp'
gmake: *** [Makefile:127: cmTC_aa747/fast] Error 2


Source file was:
#include <pthread.h>

static void* test_func(void* data)
{
  return data;
}

int main(void)
{
  pthread_t thread;
  pthread_create(&thread, NULL, test_func, NULL);
  pthread_detach(thread);
  pthread_cancel(thread);
  pthread_join(thread, NULL);
  pthread_atfork(NULL, NULL, NULL);
  pthread_exit(NULL);

  return 0;
}

Determining if the function pthread_create exists in the pthreads failed with the following output:
Change Dir: /home/th27wyci/gencc/cmake-build-debug-gencc/CMakeFiles/CMakeTmp

Run Build Command(s):/usr/bin/gmake -f Makefile cmTC_15f08/fast && /usr/bin/gmake  -f CMakeFiles/cmTC_15f08.dir/build.make CMakeFiles/cmTC_15f08.dir/build
gmake[1]: Entering directory '/work/home/th27wyci/gencc/cmake-build-debug-gencc/CMakeFiles/CMakeTmp'
Building C object CMakeFiles/cmTC_15f08.dir/CheckFunctionExists.c.o
/shared/apps/gcc/11.2.0/bin/gcc   -DCHECK_FUNCTION_EXISTS=pthread_create -o CMakeFiles/cmTC_15f08.dir/CheckFunctionExists.c.o -c /usr/share/cmake/Modules/CheckFunctionExists.c
Linking C executable cmTC_15f08
/usr/bin/cmake -E cmake_link_script CMakeFiles/cmTC_15f08.dir/link.txt --verbose=1
/shared/apps/gcc/11.2.0/bin/gcc  -DCHECK_FUNCTION_EXISTS=pthread_create CMakeFiles/cmTC_15f08.dir/CheckFunctionExists.c.o -o cmTC_15f08  -lpthreads 
/usr/bin/ld: cannot find -lpthreads
collect2: error: ld returned 1 exit status
gmake[1]: *** [CMakeFiles/cmTC_15f08.dir/build.make:99: cmTC_15f08] Error 1
gmake[1]: Leaving directory '/work/home/th27wyci/gencc/cmake-build-debug-gencc/CMakeFiles/CMakeTmp'
gmake: *** [Makefile:127: cmTC_15f08/fast] Error 2



