The system is: Linux - 4.18.0-477.27.1.el8_8.x86_64 - x86_64
Compiling the C compiler identification source file "CMakeCCompilerId.c" succeeded.
Compiler: /shared/apps/gcc/11.2.0/bin/gcc 
Build flags: 
Id flags:  

The output was:
0


Compilation of the C compiler identification source "CMakeCCompilerId.c" produced "a.out"

The C compiler identification is GNU, found in "/home/th27wyci/gencc/cmake-build-debug-gencc/CMakeFiles/3.20.2/CompilerIdC/a.out"

Compiling the CXX compiler identification source file "CMakeCXXCompilerId.cpp" succeeded.
Compiler: /shared/apps/gcc/11.2.0/bin/g++ 
Build flags: 
Id flags:  

The output was:
0


Compilation of the CXX compiler identification source "CMakeCXXCompilerId.cpp" produced "a.out"

The CXX compiler identification is GNU, found in "/home/th27wyci/gencc/cmake-build-debug-gencc/CMakeFiles/3.20.2/CompilerIdCXX/a.out"

Detecting C compiler ABI info compiled with the following output:
Change Dir: /home/th27wyci/gencc/cmake-build-debug-gencc/CMakeFiles/CMakeTmp

Run Build Command(s):/usr/bin/gmake -f Makefile cmTC_99a7b/fast && /usr/bin/gmake  -f CMakeFiles/cmTC_99a7b.dir/build.make CMakeFiles/cmTC_99a7b.dir/build
gmake[1]: Entering directory '/work/home/th27wyci/gencc/cmake-build-debug-gencc/CMakeFiles/CMakeTmp'
Building C object CMakeFiles/cmTC_99a7b.dir/CMakeCCompilerABI.c.o
/shared/apps/gcc/11.2.0/bin/gcc   -v -o CMakeFiles/cmTC_99a7b.dir/CMakeCCompilerABI.c.o -c /usr/share/cmake/Modules/CMakeCCompilerABI.c
Using built-in specs.
COLLECT_GCC=/shared/apps/gcc/11.2.0/bin/gcc
Target: x86_64-pc-linux-gnu
Configured with: ./configure --prefix=/shared/apps/gcc/11.2.0 --enable-languages=c,c++,fortran,objc,obj-c++ --disable-multilib --enable-lto --enable-plugin
Thread model: posix
Supported LTO compression algorithms: zlib
gcc version 11.2.0 (GCC) 
COLLECT_GCC_OPTIONS='-v' '-o' 'CMakeFiles/cmTC_99a7b.dir/CMakeCCompilerABI.c.o' '-c' '-mtune=generic' '-march=x86-64' '-dumpdir' 'CMakeFiles/cmTC_99a7b.dir/'
 /shared/apps/gcc/11.2.0/libexec/gcc/x86_64-pc-linux-gnu/11.2.0/cc1 -quiet -v /usr/share/cmake/Modules/CMakeCCompilerABI.c -quiet -dumpdir CMakeFiles/cmTC_99a7b.dir/ -dumpbase CMakeCCompilerABI.c.c -dumpbase-ext .c -mtune=generic -march=x86-64 -version -o /tmp/cczKUZgH.s
GNU C17 (GCC) version 11.2.0 (x86_64-pc-linux-gnu)
	compiled by GNU C version 11.2.0, GMP version 6.1.0, MPFR version 3.1.6, MPC version 1.0.3, isl version isl-0.18-GMP

GGC heuristics: --param ggc-min-expand=100 --param ggc-min-heapsize=131072
ignoring nonexistent directory "/shared/apps/gcc/11.2.0/lib/gcc/x86_64-pc-linux-gnu/11.2.0/../../../../x86_64-pc-linux-gnu/include"
ignoring duplicate directory "/shared/apps/gcc/11.2.0/include"
  as it is a non-system directory that duplicates a system directory
#include "..." search starts here:
#include <...> search starts here:
 /home/th27wyci/.moduletree/packages/.gcc/11.2/metacg/0.10.0/include
 /home/groups/da_sc/moduletree/packages-2023-08-24/.gcc/11.2/clang/18.1.1/include
 /shared/apps/gcc/11.2.0/lib/gcc/x86_64-pc-linux-gnu/11.2.0/include
 /usr/local/include
 /shared/apps/gcc/11.2.0/include
 /shared/apps/gcc/11.2.0/lib/gcc/x86_64-pc-linux-gnu/11.2.0/include-fixed
 /usr/include
End of search list.
GNU C17 (GCC) version 11.2.0 (x86_64-pc-linux-gnu)
	compiled by GNU C version 11.2.0, GMP version 6.1.0, MPFR version 3.1.6, MPC version 1.0.3, isl version isl-0.18-GMP

GGC heuristics: --param ggc-min-expand=100 --param ggc-min-heapsize=131072
Compiler executable checksum: f3777b0cb9821baccca8bc733786de5c
COLLECT_GCC_OPTIONS='-v' '-o' 'CMakeFiles/cmTC_99a7b.dir/CMakeCCompilerABI.c.o' '-c' '-mtune=generic' '-march=x86-64' '-dumpdir' 'CMakeFiles/cmTC_99a7b.dir/'
 as -v --64 -o CMakeFiles/cmTC_99a7b.dir/CMakeCCompilerABI.c.o /tmp/cczKUZgH.s
GNU assembler version 2.30 (x86_64-redhat-linux) using BFD version version 2.30-119.el8
COMPILER_PATH=/shared/apps/gcc/11.2.0/libexec/gcc/x86_64-pc-linux-gnu/11.2.0/:/shared/apps/gcc/11.2.0/libexec/gcc/x86_64-pc-linux-gnu/11.2.0/:/shared/apps/gcc/11.2.0/libexec/gcc/x86_64-pc-linux-gnu/:/shared/apps/gcc/11.2.0/lib/gcc/x86_64-pc-linux-gnu/11.2.0/:/shared/apps/gcc/11.2.0/lib/gcc/x86_64-pc-linux-gnu/
LIBRARY_PATH=/home/th27wyci/.moduletree/packages/.gcc/11.2/metacg/0.10.0/lib64/../lib64/:/home/th27wyci/.moduletree/packages/.gcc/11.2/metacg/0.10.0/lib/../lib64/:/shared/apps/gcc/11.2.0/lib64/../lib64/:/shared/apps/gcc/11.2.0/lib/gcc/x86_64-pc-linux-gnu/11.2.0/:/shared/apps/gcc/11.2.0/lib/gcc/x86_64-pc-linux-gnu/11.2.0/../../../../lib64/:/lib/../lib64/:/usr/lib/../lib64/:/home/th27wyci/.moduletree/packages/.gcc/11.2/metacg/0.10.0/lib64/:/home/th27wyci/.moduletree/packages/.gcc/11.2/metacg/0.10.0/lib/:/home/groups/da_sc/moduletree/packages-2023-08-24/.gcc/11.2/clang/18.1.1/lib/:/shared/apps/gcc/11.2.0/lib64/:/shared/apps/gcc/11.2.0/lib/gcc/x86_64-pc-linux-gnu/11.2.0/../../../:/lib/:/usr/lib/
COLLECT_GCC_OPTIONS='-v' '-o' 'CMakeFiles/cmTC_99a7b.dir/CMakeCCompilerABI.c.o' '-c' '-mtune=generic' '-march=x86-64' '-dumpdir' 'CMakeFiles/cmTC_99a7b.dir/CMakeCCompilerABI.c.'
Linking C executable cmTC_99a7b
/usr/bin/cmake -E cmake_link_script CMakeFiles/cmTC_99a7b.dir/link.txt --verbose=1
/shared/apps/gcc/11.2.0/bin/gcc  -v CMakeFiles/cmTC_99a7b.dir/CMakeCCompilerABI.c.o -o cmTC_99a7b 
Using built-in specs.
COLLECT_GCC=/shared/apps/gcc/11.2.0/bin/gcc
COLLECT_LTO_WRAPPER=/shared/apps/gcc/11.2.0/libexec/gcc/x86_64-pc-linux-gnu/11.2.0/lto-wrapper
Target: x86_64-pc-linux-gnu
Configured with: ./configure --prefix=/shared/apps/gcc/11.2.0 --enable-languages=c,c++,fortran,objc,obj-c++ --disable-multilib --enable-lto --enable-plugin
Thread model: posix
Supported LTO compression algorithms: zlib
gcc version 11.2.0 (GCC) 
COMPILER_PATH=/shared/apps/gcc/11.2.0/libexec/gcc/x86_64-pc-linux-gnu/11.2.0/:/shared/apps/gcc/11.2.0/libexec/gcc/x86_64-pc-linux-gnu/11.2.0/:/shared/apps/gcc/11.2.0/libexec/gcc/x86_64-pc-linux-gnu/:/shared/apps/gcc/11.2.0/lib/gcc/x86_64-pc-linux-gnu/11.2.0/:/shared/apps/gcc/11.2.0/lib/gcc/x86_64-pc-linux-gnu/
LIBRARY_PATH=/home/th27wyci/.moduletree/packages/.gcc/11.2/metacg/0.10.0/lib64/../lib64/:/home/th27wyci/.moduletree/packages/.gcc/11.2/metacg/0.10.0/lib/../lib64/:/shared/apps/gcc/11.2.0/lib64/../lib64/:/shared/apps/gcc/11.2.0/lib/gcc/x86_64-pc-linux-gnu/11.2.0/:/shared/apps/gcc/11.2.0/lib/gcc/x86_64-pc-linux-gnu/11.2.0/../../../../lib64/:/lib/../lib64/:/usr/lib/../lib64/:/home/th27wyci/.moduletree/packages/.gcc/11.2/metacg/0.10.0/lib64/:/home/th27wyci/.moduletree/packages/.gcc/11.2/metacg/0.10.0/lib/:/home/groups/da_sc/moduletree/packages-2023-08-24/.gcc/11.2/clang/18.1.1/lib/:/shared/apps/gcc/11.2.0/lib64/:/shared/apps/gcc/11.2.0/lib/gcc/x86_64-pc-linux-gnu/11.2.0/../../../:/lib/:/usr/lib/
COLLECT_GCC_OPTIONS='-v' '-o' 'cmTC_99a7b' '-mtune=generic' '-march=x86-64' '-dumpdir' 'cmTC_99a7b.'
 /shared/apps/gcc/11.2.0/libexec/gcc/x86_64-pc-linux-gnu/11.2.0/collect2 -plugin /shared/apps/gcc/11.2.0/libexec/gcc/x86_64-pc-linux-gnu/11.2.0/liblto_plugin.so -plugin-opt=/shared/apps/gcc/11.2.0/libexec/gcc/x86_64-pc-linux-gnu/11.2.0/lto-wrapper -plugin-opt=-fresolution=/tmp/ccokL4EC.res -plugin-opt=-pass-through=-lgcc -plugin-opt=-pass-through=-lgcc_s -plugin-opt=-pass-through=-lc -plugin-opt=-pass-through=-lgcc -plugin-opt=-pass-through=-lgcc_s --eh-frame-hdr -m elf_x86_64 -dynamic-linker /lib64/ld-linux-x86-64.so.2 -o cmTC_99a7b /lib/../lib64/crt1.o /lib/../lib64/crti.o /shared/apps/gcc/11.2.0/lib/gcc/x86_64-pc-linux-gnu/11.2.0/crtbegin.o -L/home/th27wyci/.moduletree/packages/.gcc/11.2/metacg/0.10.0/lib64/../lib64 -L/home/th27wyci/.moduletree/packages/.gcc/11.2/metacg/0.10.0/lib/../lib64 -L/shared/apps/gcc/11.2.0/lib64/../lib64 -L/shared/apps/gcc/11.2.0/lib/gcc/x86_64-pc-linux-gnu/11.2.0 -L/shared/apps/gcc/11.2.0/lib/gcc/x86_64-pc-linux-gnu/11.2.0/../../../../lib64 -L/lib/../lib64 -L/usr/lib/../lib64 -L/home/th27wyci/.moduletree/packages/.gcc/11.2/metacg/0.10.0/lib64 -L/home/th27wyci/.moduletree/packages/.gcc/11.2/metacg/0.10.0/lib -L/home/groups/da_sc/moduletree/packages-2023-08-24/.gcc/11.2/clang/18.1.1/lib -L/shared/apps/gcc/11.2.0/lib64 -L/shared/apps/gcc/11.2.0/lib/gcc/x86_64-pc-linux-gnu/11.2.0/../../.. CMakeFiles/cmTC_99a7b.dir/CMakeCCompilerABI.c.o -lgcc --push-state --as-needed -lgcc_s --pop-state -lc -lgcc --push-state --as-needed -lgcc_s --pop-state /shared/apps/gcc/11.2.0/lib/gcc/x86_64-pc-linux-gnu/11.2.0/crtend.o /lib/../lib64/crtn.o
COLLECT_GCC_OPTIONS='-v' '-o' 'cmTC_99a7b' '-mtune=generic' '-march=x86-64' '-dumpdir' 'cmTC_99a7b.'
gmake[1]: Leaving directory '/work/home/th27wyci/gencc/cmake-build-debug-gencc/CMakeFiles/CMakeTmp'



Parsed C implicit include dir info from above output: rv=done
  found start of include info
  found start of implicit include info
    add: [/home/th27wyci/.moduletree/packages/.gcc/11.2/metacg/0.10.0/include]
    add: [/home/groups/da_sc/moduletree/packages-2023-08-24/.gcc/11.2/clang/18.1.1/include]
    add: [/shared/apps/gcc/11.2.0/lib/gcc/x86_64-pc-linux-gnu/11.2.0/include]
    add: [/usr/local/include]
    add: [/shared/apps/gcc/11.2.0/include]
    add: [/shared/apps/gcc/11.2.0/lib/gcc/x86_64-pc-linux-gnu/11.2.0/include-fixed]
    add: [/usr/include]
  end of search list found
  collapse include dir [/home/th27wyci/.moduletree/packages/.gcc/11.2/metacg/0.10.0/include] ==> [/home/th27wyci/.moduletree/packages/.gcc/11.2/metacg/0.10.0/include]
  collapse include dir [/home/groups/da_sc/moduletree/packages-2023-08-24/.gcc/11.2/clang/18.1.1/include] ==> [/home/groups/da_sc/moduletree/packages-2023-08-24/.gcc/11.2/clang/18.1.1/include]
  collapse include dir [/shared/apps/gcc/11.2.0/lib/gcc/x86_64-pc-linux-gnu/11.2.0/include] ==> [/shared/apps/gcc/11.2.0/lib/gcc/x86_64-pc-linux-gnu/11.2.0/include]
  collapse include dir [/usr/local/include] ==> [/usr/local/include]
  collapse include dir [/shared/apps/gcc/11.2.0/include] ==> [/shared/apps/gcc/11.2.0/include]
  collapse include dir [/shared/apps/gcc/11.2.0/lib/gcc/x86_64-pc-linux-gnu/11.2.0/include-fixed] ==> [/shared/apps/gcc/11.2.0/lib/gcc/x86_64-pc-linux-gnu/11.2.0/include-fixed]
  collapse include dir [/usr/include] ==> [/usr/include]
  implicit include dirs: [/home/th27wyci/.moduletree/packages/.gcc/11.2/metacg/0.10.0/include;/home/groups/da_sc/moduletree/packages-2023-08-24/.gcc/11.2/clang/18.1.1/include;/shared/apps/gcc/11.2.0/lib/gcc/x86_64-pc-linux-gnu/11.2.0/include;/usr/local/include;/shared/apps/gcc/11.2.0/include;/shared/apps/gcc/11.2.0/lib/gcc/x86_64-pc-linux-gnu/11.2.0/include-fixed;/usr/include]


Parsed C implicit link information from above output:
  link line regex: [^( *|.*[/\])(ld|CMAKE_LINK_STARTFILE-NOTFOUND|([^/\]+-)?ld|collect2)[^/\]*( |$)]
  ignore line: [Change Dir: /home/th27wyci/gencc/cmake-build-debug-gencc/CMakeFiles/CMakeTmp]
  ignore line: []
  ignore line: [Run Build Command(s):/usr/bin/gmake -f Makefile cmTC_99a7b/fast && /usr/bin/gmake  -f CMakeFiles/cmTC_99a7b.dir/build.make CMakeFiles/cmTC_99a7b.dir/build]
  ignore line: [gmake[1]: Entering directory '/work/home/th27wyci/gencc/cmake-build-debug-gencc/CMakeFiles/CMakeTmp']
  ignore line: [Building C object CMakeFiles/cmTC_99a7b.dir/CMakeCCompilerABI.c.o]
  ignore line: [/shared/apps/gcc/11.2.0/bin/gcc   -v -o CMakeFiles/cmTC_99a7b.dir/CMakeCCompilerABI.c.o -c /usr/share/cmake/Modules/CMakeCCompilerABI.c]
  ignore line: [Using built-in specs.]
  ignore line: [COLLECT_GCC=/shared/apps/gcc/11.2.0/bin/gcc]
  ignore line: [Target: x86_64-pc-linux-gnu]
  ignore line: [Configured with: ./configure --prefix=/shared/apps/gcc/11.2.0 --enable-languages=c c++ fortran objc obj-c++ --disable-multilib --enable-lto --enable-plugin]
  ignore line: [Thread model: posix]
  ignore line: [Supported LTO compression algorithms: zlib]
  ignore line: [gcc version 11.2.0 (GCC) ]
  ignore line: [COLLECT_GCC_OPTIONS='-v' '-o' 'CMakeFiles/cmTC_99a7b.dir/CMakeCCompilerABI.c.o' '-c' '-mtune=generic' '-march=x86-64' '-dumpdir' 'CMakeFiles/cmTC_99a7b.dir/']
  ignore line: [ /shared/apps/gcc/11.2.0/libexec/gcc/x86_64-pc-linux-gnu/11.2.0/cc1 -quiet -v /usr/share/cmake/Modules/CMakeCCompilerABI.c -quiet -dumpdir CMakeFiles/cmTC_99a7b.dir/ -dumpbase CMakeCCompilerABI.c.c -dumpbase-ext .c -mtune=generic -march=x86-64 -version -o /tmp/cczKUZgH.s]
  ignore line: [GNU C17 (GCC) version 11.2.0 (x86_64-pc-linux-gnu)]
  ignore line: [	compiled by GNU C version 11.2.0  GMP version 6.1.0  MPFR version 3.1.6  MPC version 1.0.3  isl version isl-0.18-GMP]
  ignore line: []
  ignore line: [GGC heuristics: --param ggc-min-expand=100 --param ggc-min-heapsize=131072]
  ignore line: [ignoring nonexistent directory "/shared/apps/gcc/11.2.0/lib/gcc/x86_64-pc-linux-gnu/11.2.0/../../../../x86_64-pc-linux-gnu/include"]
  ignore line: [ignoring duplicate directory "/shared/apps/gcc/11.2.0/include"]
  ignore line: [  as it is a non-system directory that duplicates a system directory]
  ignore line: [#include "..." search starts here:]
  ignore line: [#include <...> search starts here:]
  ignore line: [ /home/th27wyci/.moduletree/packages/.gcc/11.2/metacg/0.10.0/include]
  ignore line: [ /home/groups/da_sc/moduletree/packages-2023-08-24/.gcc/11.2/clang/18.1.1/include]
  ignore line: [ /shared/apps/gcc/11.2.0/lib/gcc/x86_64-pc-linux-gnu/11.2.0/include]
  ignore line: [ /usr/local/include]
  ignore line: [ /shared/apps/gcc/11.2.0/include]
  ignore line: [ /shared/apps/gcc/11.2.0/lib/gcc/x86_64-pc-linux-gnu/11.2.0/include-fixed]
  ignore line: [ /usr/include]
  ignore line: [End of search list.]
  ignore line: [GNU C17 (GCC) version 11.2.0 (x86_64-pc-linux-gnu)]
  ignore line: [	compiled by GNU C version 11.2.0  GMP version 6.1.0  MPFR version 3.1.6  MPC version 1.0.3  isl version isl-0.18-GMP]
  ignore line: []
  ignore line: [GGC heuristics: --param ggc-min-expand=100 --param ggc-min-heapsize=131072]
  ignore line: [Compiler executable checksum: f3777b0cb9821baccca8bc733786de5c]
  ignore line: [COLLECT_GCC_OPTIONS='-v' '-o' 'CMakeFiles/cmTC_99a7b.dir/CMakeCCompilerABI.c.o' '-c' '-mtune=generic' '-march=x86-64' '-dumpdir' 'CMakeFiles/cmTC_99a7b.dir/']
  ignore line: [ as -v --64 -o CMakeFiles/cmTC_99a7b.dir/CMakeCCompilerABI.c.o /tmp/cczKUZgH.s]
  ignore line: [GNU assembler version 2.30 (x86_64-redhat-linux) using BFD version version 2.30-119.el8]
  ignore line: [COMPILER_PATH=/shared/apps/gcc/11.2.0/libexec/gcc/x86_64-pc-linux-gnu/11.2.0/:/shared/apps/gcc/11.2.0/libexec/gcc/x86_64-pc-linux-gnu/11.2.0/:/shared/apps/gcc/11.2.0/libexec/gcc/x86_64-pc-linux-gnu/:/shared/apps/gcc/11.2.0/lib/gcc/x86_64-pc-linux-gnu/11.2.0/:/shared/apps/gcc/11.2.0/lib/gcc/x86_64-pc-linux-gnu/]
  ignore line: [LIBRARY_PATH=/home/th27wyci/.moduletree/packages/.gcc/11.2/metacg/0.10.0/lib64/../lib64/:/home/th27wyci/.moduletree/packages/.gcc/11.2/metacg/0.10.0/lib/../lib64/:/shared/apps/gcc/11.2.0/lib64/../lib64/:/shared/apps/gcc/11.2.0/lib/gcc/x86_64-pc-linux-gnu/11.2.0/:/shared/apps/gcc/11.2.0/lib/gcc/x86_64-pc-linux-gnu/11.2.0/../../../../lib64/:/lib/../lib64/:/usr/lib/../lib64/:/home/th27wyci/.moduletree/packages/.gcc/11.2/metacg/0.10.0/lib64/:/home/th27wyci/.moduletree/packages/.gcc/11.2/metacg/0.10.0/lib/:/home/groups/da_sc/moduletree/packages-2023-08-24/.gcc/11.2/clang/18.1.1/lib/:/shared/apps/gcc/11.2.0/lib64/:/shared/apps/gcc/11.2.0/lib/gcc/x86_64-pc-linux-gnu/11.2.0/../../../:/lib/:/usr/lib/]
  ignore line: [COLLECT_GCC_OPTIONS='-v' '-o' 'CMakeFiles/cmTC_99a7b.dir/CMakeCCompilerABI.c.o' '-c' '-mtune=generic' '-march=x86-64' '-dumpdir' 'CMakeFiles/cmTC_99a7b.dir/CMakeCCompilerABI.c.']
  ignore line: [Linking C executable cmTC_99a7b]
  ignore line: [/usr/bin/cmake -E cmake_link_script CMakeFiles/cmTC_99a7b.dir/link.txt --verbose=1]
  ignore line: [/shared/apps/gcc/11.2.0/bin/gcc  -v CMakeFiles/cmTC_99a7b.dir/CMakeCCompilerABI.c.o -o cmTC_99a7b ]
  ignore line: [Using built-in specs.]
  ignore line: [COLLECT_GCC=/shared/apps/gcc/11.2.0/bin/gcc]
  ignore line: [COLLECT_LTO_WRAPPER=/shared/apps/gcc/11.2.0/libexec/gcc/x86_64-pc-linux-gnu/11.2.0/lto-wrapper]
  ignore line: [Target: x86_64-pc-linux-gnu]
  ignore line: [Configured with: ./configure --prefix=/shared/apps/gcc/11.2.0 --enable-languages=c c++ fortran objc obj-c++ --disable-multilib --enable-lto --enable-plugin]
  ignore line: [Thread model: posix]
  ignore line: [Supported LTO compression algorithms: zlib]
  ignore line: [gcc version 11.2.0 (GCC) ]
  ignore line: [COMPILER_PATH=/shared/apps/gcc/11.2.0/libexec/gcc/x86_64-pc-linux-gnu/11.2.0/:/shared/apps/gcc/11.2.0/libexec/gcc/x86_64-pc-linux-gnu/11.2.0/:/shared/apps/gcc/11.2.0/libexec/gcc/x86_64-pc-linux-gnu/:/shared/apps/gcc/11.2.0/lib/gcc/x86_64-pc-linux-gnu/11.2.0/:/shared/apps/gcc/11.2.0/lib/gcc/x86_64-pc-linux-gnu/]
  ignore line: [LIBRARY_PATH=/home/th27wyci/.moduletree/packages/.gcc/11.2/metacg/0.10.0/lib64/../lib64/:/home/th27wyci/.moduletree/packages/.gcc/11.2/metacg/0.10.0/lib/../lib64/:/shared/apps/gcc/11.2.0/lib64/../lib64/:/shared/apps/gcc/11.2.0/lib/gcc/x86_64-pc-linux-gnu/11.2.0/:/shared/apps/gcc/11.2.0/lib/gcc/x86_64-pc-linux-gnu/11.2.0/../../../../lib64/:/lib/../lib64/:/usr/lib/../lib64/:/home/th27wyci/.moduletree/packages/.gcc/11.2/metacg/0.10.0/lib64/:/home/th27wyci/.moduletree/packages/.gcc/11.2/metacg/0.10.0/lib/:/home/groups/da_sc/moduletree/packages-2023-08-24/.gcc/11.2/clang/18.1.1/lib/:/shared/apps/gcc/11.2.0/lib64/:/shared/apps/gcc/11.2.0/lib/gcc/x86_64-pc-linux-gnu/11.2.0/../../../:/lib/:/usr/lib/]
  ignore line: [COLLECT_GCC_OPTIONS='-v' '-o' 'cmTC_99a7b' '-mtune=generic' '-march=x86-64' '-dumpdir' 'cmTC_99a7b.']
  link line: [ /shared/apps/gcc/11.2.0/libexec/gcc/x86_64-pc-linux-gnu/11.2.0/collect2 -plugin /shared/apps/gcc/11.2.0/libexec/gcc/x86_64-pc-linux-gnu/11.2.0/liblto_plugin.so -plugin-opt=/shared/apps/gcc/11.2.0/libexec/gcc/x86_64-pc-linux-gnu/11.2.0/lto-wrapper -plugin-opt=-fresolution=/tmp/ccokL4EC.res -plugin-opt=-pass-through=-lgcc -plugin-opt=-pass-through=-lgcc_s -plugin-opt=-pass-through=-lc -plugin-opt=-pass-through=-lgcc -plugin-opt=-pass-through=-lgcc_s --eh-frame-hdr -m elf_x86_64 -dynamic-linker /lib64/ld-linux-x86-64.so.2 -o cmTC_99a7b /lib/../lib64/crt1.o /lib/../lib64/crti.o /shared/apps/gcc/11.2.0/lib/gcc/x86_64-pc-linux-gnu/11.2.0/crtbegin.o -L/home/th27wyci/.moduletree/packages/.gcc/11.2/metacg/0.10.0/lib64/../lib64 -L/home/th27wyci/.moduletree/packages/.gcc/11.2/metacg/0.10.0/lib/../lib64 -L/shared/apps/gcc/11.2.0/lib64/../lib64 -L/shared/apps/gcc/11.2.0/lib/gcc/x86_64-pc-linux-gnu/11.2.0 -L/shared/apps/gcc/11.2.0/lib/gcc/x86_64-pc-linux-gnu/11.2.0/../../../../lib64 -L/lib/../lib64 -L/usr/lib/../lib64 -L/home/th27wyci/.moduletree/packages/.gcc/11.2/metacg/0.10.0/lib64 -L/home/th27wyci/.moduletree/packages/.gcc/11.2/metacg/0.10.0/lib -L/home/groups/da_sc/moduletree/packages-2023-08-24/.gcc/11.2/clang/18.1.1/lib -L/shared/apps/gcc/11.2.0/lib64 -L/shared/apps/gcc/11.2.0/lib/gcc/x86_64-pc-linux-gnu/11.2.0/../../.. CMakeFiles/cmTC_99a7b.dir/CMakeCCompilerABI.c.o -lgcc --push-state --as-needed -lgcc_s --pop-state -lc -lgcc --push-state --as-needed -lgcc_s --pop-state /shared/apps/gcc/11.2.0/lib/gcc/x86_64-pc-linux-gnu/11.2.0/crtend.o /lib/../lib64/crtn.o]
    arg [/shared/apps/gcc/11.2.0/libexec/gcc/x86_64-pc-linux-gnu/11.2.0/collect2] ==> ignore
    arg [-plugin] ==> ignore
    arg [/shared/apps/gcc/11.2.0/libexec/gcc/x86_64-pc-linux-gnu/11.2.0/liblto_plugin.so] ==> ignore
    arg [-plugin-opt=/shared/apps/gcc/11.2.0/libexec/gcc/x86_64-pc-linux-gnu/11.2.0/lto-wrapper] ==> ignore
    arg [-plugin-opt=-fresolution=/tmp/ccokL4EC.res] ==> ignore
    arg [-plugin-opt=-pass-through=-lgcc] ==> ignore
    arg [-plugin-opt=-pass-through=-lgcc_s] ==> ignore
    arg [-plugin-opt=-pass-through=-lc] ==> ignore
    arg [-plugin-opt=-pass-through=-lgcc] ==> ignore
    arg [-plugin-opt=-pass-through=-lgcc_s] ==> ignore
    arg [--eh-frame-hdr] ==> ignore
    arg [-m] ==> ignore
    arg [elf_x86_64] ==> ignore
    arg [-dynamic-linker] ==> ignore
    arg [/lib64/ld-linux-x86-64.so.2] ==> ignore
    arg [-o] ==> ignore
    arg [cmTC_99a7b] ==> ignore
    arg [/lib/../lib64/crt1.o] ==> obj [/lib/../lib64/crt1.o]
    arg [/lib/../lib64/crti.o] ==> obj [/lib/../lib64/crti.o]
    arg [/shared/apps/gcc/11.2.0/lib/gcc/x86_64-pc-linux-gnu/11.2.0/crtbegin.o] ==> obj [/shared/apps/gcc/11.2.0/lib/gcc/x86_64-pc-linux-gnu/11.2.0/crtbegin.o]
    arg [-L/home/th27wyci/.moduletree/packages/.gcc/11.2/metacg/0.10.0/lib64/../lib64] ==> dir [/home/th27wyci/.moduletree/packages/.gcc/11.2/metacg/0.10.0/lib64/../lib64]
    arg [-L/home/th27wyci/.moduletree/packages/.gcc/11.2/metacg/0.10.0/lib/../lib64] ==> dir [/home/th27wyci/.moduletree/packages/.gcc/11.2/metacg/0.10.0/lib/../lib64]
    arg [-L/shared/apps/gcc/11.2.0/lib64/../lib64] ==> dir [/shared/apps/gcc/11.2.0/lib64/../lib64]
    arg [-L/shared/apps/gcc/11.2.0/lib/gcc/x86_64-pc-linux-gnu/11.2.0] ==> dir [/shared/apps/gcc/11.2.0/lib/gcc/x86_64-pc-linux-gnu/11.2.0]
    arg [-L/shared/apps/gcc/11.2.0/lib/gcc/x86_64-pc-linux-gnu/11.2.0/../../../../lib64] ==> dir [/shared/apps/gcc/11.2.0/lib/gcc/x86_64-pc-linux-gnu/11.2.0/../../../../lib64]
    arg [-L/lib/../lib64] ==> dir [/lib/../lib64]
    arg [-L/usr/lib/../lib64] ==> dir [/usr/lib/../lib64]
    arg [-L/home/th27wyci/.moduletree/packages/.gcc/11.2/metacg/0.10.0/lib64] ==> dir [/home/th27wyci/.moduletree/packages/.gcc/11.2/metacg/0.10.0/lib64]
    arg [-L/home/th27wyci/.moduletree/packages/.gcc/11.2/metacg/0.10.0/lib] ==> dir [/home/th27wyci/.moduletree/packages/.gcc/11.2/metacg/0.10.0/lib]
    arg [-L/home/groups/da_sc/moduletree/packages-2023-08-24/.gcc/11.2/clang/18.1.1/lib] ==> dir [/home/groups/da_sc/moduletree/packages-2023-08-24/.gcc/11.2/clang/18.1.1/lib]
    arg [-L/shared/apps/gcc/11.2.0/lib64] ==> dir [/shared/apps/gcc/11.2.0/lib64]
    arg [-L/shared/apps/gcc/11.2.0/lib/gcc/x86_64-pc-linux-gnu/11.2.0/../../..] ==> dir [/shared/apps/gcc/11.2.0/lib/gcc/x86_64-pc-linux-gnu/11.2.0/../../..]
    arg [CMakeFiles/cmTC_99a7b.dir/CMakeCCompilerABI.c.o] ==> ignore
    arg [-lgcc] ==> lib [gcc]
    arg [--push-state] ==> ignore
    arg [--as-needed] ==> ignore
    arg [-lgcc_s] ==> lib [gcc_s]
    arg [--pop-state] ==> ignore
    arg [-lc] ==> lib [c]
    arg [-lgcc] ==> lib [gcc]
    arg [--push-state] ==> ignore
    arg [--as-needed] ==> ignore
    arg [-lgcc_s] ==> lib [gcc_s]
    arg [--pop-state] ==> ignore
    arg [/shared/apps/gcc/11.2.0/lib/gcc/x86_64-pc-linux-gnu/11.2.0/crtend.o] ==> obj [/shared/apps/gcc/11.2.0/lib/gcc/x86_64-pc-linux-gnu/11.2.0/crtend.o]
    arg [/lib/../lib64/crtn.o] ==> obj [/lib/../lib64/crtn.o]
  collapse obj [/lib/../lib64/crt1.o] ==> [/lib64/crt1.o]
  collapse obj [/lib/../lib64/crti.o] ==> [/lib64/crti.o]
  collapse obj [/lib/../lib64/crtn.o] ==> [/lib64/crtn.o]
  collapse library dir [/home/th27wyci/.moduletree/packages/.gcc/11.2/metacg/0.10.0/lib64/../lib64] ==> [/home/th27wyci/.moduletree/packages/.gcc/11.2/metacg/0.10.0/lib64]
  collapse library dir [/home/th27wyci/.moduletree/packages/.gcc/11.2/metacg/0.10.0/lib/../lib64] ==> [/home/th27wyci/.moduletree/packages/.gcc/11.2/metacg/0.10.0/lib64]
  collapse library dir [/shared/apps/gcc/11.2.0/lib64/../lib64] ==> [/shared/apps/gcc/11.2.0/lib64]
  collapse library dir [/shared/apps/gcc/11.2.0/lib/gcc/x86_64-pc-linux-gnu/11.2.0] ==> [/shared/apps/gcc/11.2.0/lib/gcc/x86_64-pc-linux-gnu/11.2.0]
  collapse library dir [/shared/apps/gcc/11.2.0/lib/gcc/x86_64-pc-linux-gnu/11.2.0/../../../../lib64] ==> [/shared/apps/gcc/11.2.0/lib64]
  collapse library dir [/lib/../lib64] ==> [/lib64]
  collapse library dir [/usr/lib/../lib64] ==> [/usr/lib64]
  collapse library dir [/home/th27wyci/.moduletree/packages/.gcc/11.2/metacg/0.10.0/lib64] ==> [/home/th27wyci/.moduletree/packages/.gcc/11.2/metacg/0.10.0/lib64]
  collapse library dir [/home/th27wyci/.moduletree/packages/.gcc/11.2/metacg/0.10.0/lib] ==> [/home/th27wyci/.moduletree/packages/.gcc/11.2/metacg/0.10.0/lib]
  collapse library dir [/home/groups/da_sc/moduletree/packages-2023-08-24/.gcc/11.2/clang/18.1.1/lib] ==> [/home/groups/da_sc/moduletree/packages-2023-08-24/.gcc/11.2/clang/18.1.1/lib]
  collapse library dir [/shared/apps/gcc/11.2.0/lib64] ==> [/shared/apps/gcc/11.2.0/lib64]
  collapse library dir [/shared/apps/gcc/11.2.0/lib/gcc/x86_64-pc-linux-gnu/11.2.0/../../..] ==> [/shared/apps/gcc/11.2.0/lib]
  implicit libs: [gcc;gcc_s;c;gcc;gcc_s]
  implicit objs: [/lib64/crt1.o;/lib64/crti.o;/shared/apps/gcc/11.2.0/lib/gcc/x86_64-pc-linux-gnu/11.2.0/crtbegin.o;/shared/apps/gcc/11.2.0/lib/gcc/x86_64-pc-linux-gnu/11.2.0/crtend.o;/lib64/crtn.o]
  implicit dirs: [/home/th27wyci/.moduletree/packages/.gcc/11.2/metacg/0.10.0/lib64;/shared/apps/gcc/11.2.0/lib64;/shared/apps/gcc/11.2.0/lib/gcc/x86_64-pc-linux-gnu/11.2.0;/lib64;/usr/lib64;/home/th27wyci/.moduletree/packages/.gcc/11.2/metacg/0.10.0/lib;/home/groups/da_sc/moduletree/packages-2023-08-24/.gcc/11.2/clang/18.1.1/lib;/shared/apps/gcc/11.2.0/lib]
  implicit fwks: []


Detecting CXX compiler ABI info compiled with the following output:
Change Dir: /home/th27wyci/gencc/cmake-build-debug-gencc/CMakeFiles/CMakeTmp

Run Build Command(s):/usr/bin/gmake -f Makefile cmTC_ee957/fast && /usr/bin/gmake  -f CMakeFiles/cmTC_ee957.dir/build.make CMakeFiles/cmTC_ee957.dir/build
gmake[1]: Entering directory '/work/home/th27wyci/gencc/cmake-build-debug-gencc/CMakeFiles/CMakeTmp'
Building CXX object CMakeFiles/cmTC_ee957.dir/CMakeCXXCompilerABI.cpp.o
/shared/apps/gcc/11.2.0/bin/g++   -v -o CMakeFiles/cmTC_ee957.dir/CMakeCXXCompilerABI.cpp.o -c /usr/share/cmake/Modules/CMakeCXXCompilerABI.cpp
Using built-in specs.
COLLECT_GCC=/shared/apps/gcc/11.2.0/bin/g++
Target: x86_64-pc-linux-gnu
Configured with: ./configure --prefix=/shared/apps/gcc/11.2.0 --enable-languages=c,c++,fortran,objc,obj-c++ --disable-multilib --enable-lto --enable-plugin
Thread model: posix
Supported LTO compression algorithms: zlib
gcc version 11.2.0 (GCC) 
COLLECT_GCC_OPTIONS='-v' '-o' 'CMakeFiles/cmTC_ee957.dir/CMakeCXXCompilerABI.cpp.o' '-c' '-shared-libgcc' '-mtune=generic' '-march=x86-64' '-dumpdir' 'CMakeFiles/cmTC_ee957.dir/'
 /shared/apps/gcc/11.2.0/libexec/gcc/x86_64-pc-linux-gnu/11.2.0/cc1plus -quiet -v -D_GNU_SOURCE /usr/share/cmake/Modules/CMakeCXXCompilerABI.cpp -quiet -dumpdir CMakeFiles/cmTC_ee957.dir/ -dumpbase CMakeCXXCompilerABI.cpp.cpp -dumpbase-ext .cpp -mtune=generic -march=x86-64 -version -o /tmp/cc2ThQj3.s
GNU C++17 (GCC) version 11.2.0 (x86_64-pc-linux-gnu)
	compiled by GNU C version 11.2.0, GMP version 6.1.0, MPFR version 3.1.6, MPC version 1.0.3, isl version isl-0.18-GMP

GGC heuristics: --param ggc-min-expand=100 --param ggc-min-heapsize=131072
ignoring nonexistent directory "/shared/apps/gcc/11.2.0/lib/gcc/x86_64-pc-linux-gnu/11.2.0/../../../../x86_64-pc-linux-gnu/include"
ignoring duplicate directory "/shared/apps/gcc/11.2.0/include"
  as it is a non-system directory that duplicates a system directory
#include "..." search starts here:
#include <...> search starts here:
 /home/th27wyci/.moduletree/packages/.gcc/11.2/metacg/0.10.0/include
 /home/groups/da_sc/moduletree/packages-2023-08-24/.gcc/11.2/clang/18.1.1/include
 /shared/apps/gcc/11.2.0/lib/gcc/x86_64-pc-linux-gnu/11.2.0/../../../../include/c++/11.2.0
 /shared/apps/gcc/11.2.0/lib/gcc/x86_64-pc-linux-gnu/11.2.0/../../../../include/c++/11.2.0/x86_64-pc-linux-gnu
 /shared/apps/gcc/11.2.0/lib/gcc/x86_64-pc-linux-gnu/11.2.0/../../../../include/c++/11.2.0/backward
 /shared/apps/gcc/11.2.0/lib/gcc/x86_64-pc-linux-gnu/11.2.0/include
 /usr/local/include
 /shared/apps/gcc/11.2.0/include
 /shared/apps/gcc/11.2.0/lib/gcc/x86_64-pc-linux-gnu/11.2.0/include-fixed
 /usr/include
End of search list.
GNU C++17 (GCC) version 11.2.0 (x86_64-pc-linux-gnu)
	compiled by GNU C version 11.2.0, GMP version 6.1.0, MPFR version 3.1.6, MPC version 1.0.3, isl version isl-0.18-GMP

GGC heuristics: --param ggc-min-expand=100 --param ggc-min-heapsize=131072
Compiler executable checksum: d9828389386e1550675627c04b6402f1
COLLECT_GCC_OPTIONS='-v' '-o' 'CMakeFiles/cmTC_ee957.dir/CMakeCXXCompilerABI.cpp.o' '-c' '-shared-libgcc' '-mtune=generic' '-march=x86-64' '-dumpdir' 'CMakeFiles/cmTC_ee957.dir/'
 as -v --64 -o CMakeFiles/cmTC_ee957.dir/CMakeCXXCompilerABI.cpp.o /tmp/cc2ThQj3.s
GNU assembler version 2.30 (x86_64-redhat-linux) using BFD version version 2.30-119.el8
COMPILER_PATH=/shared/apps/gcc/11.2.0/libexec/gcc/x86_64-pc-linux-gnu/11.2.0/:/shared/apps/gcc/11.2.0/libexec/gcc/x86_64-pc-linux-gnu/11.2.0/:/shared/apps/gcc/11.2.0/libexec/gcc/x86_64-pc-linux-gnu/:/shared/apps/gcc/11.2.0/lib/gcc/x86_64-pc-linux-gnu/11.2.0/:/shared/apps/gcc/11.2.0/lib/gcc/x86_64-pc-linux-gnu/
LIBRARY_PATH=/home/th27wyci/.moduletree/packages/.gcc/11.2/metacg/0.10.0/lib64/../lib64/:/home/th27wyci/.moduletree/packages/.gcc/11.2/metacg/0.10.0/lib/../lib64/:/shared/apps/gcc/11.2.0/lib64/../lib64/:/shared/apps/gcc/11.2.0/lib/gcc/x86_64-pc-linux-gnu/11.2.0/:/shared/apps/gcc/11.2.0/lib/gcc/x86_64-pc-linux-gnu/11.2.0/../../../../lib64/:/lib/../lib64/:/usr/lib/../lib64/:/home/th27wyci/.moduletree/packages/.gcc/11.2/metacg/0.10.0/lib64/:/home/th27wyci/.moduletree/packages/.gcc/11.2/metacg/0.10.0/lib/:/home/groups/da_sc/moduletree/packages-2023-08-24/.gcc/11.2/clang/18.1.1/lib/:/shared/apps/gcc/11.2.0/lib64/:/shared/apps/gcc/11.2.0/lib/gcc/x86_64-pc-linux-gnu/11.2.0/../../../:/lib/:/usr/lib/
COLLECT_GCC_OPTIONS='-v' '-o' 'CMakeFiles/cmTC_ee957.dir/CMakeCXXCompilerABI.cpp.o' '-c' '-shared-libgcc' '-mtune=generic' '-march=x86-64' '-dumpdir' 'CMakeFiles/cmTC_ee957.dir/CMakeCXXCompilerABI.cpp.'
Linking CXX executable cmTC_ee957
/usr/bin/cmake -E cmake_link_script CMakeFiles/cmTC_ee957.dir/link.txt --verbose=1
/shared/apps/gcc/11.2.0/bin/g++  -v CMakeFiles/cmTC_ee957.dir/CMakeCXXCompilerABI.cpp.o -o cmTC_ee957 
Using built-in specs.
COLLECT_GCC=/shared/apps/gcc/11.2.0/bin/g++
COLLECT_LTO_WRAPPER=/shared/apps/gcc/11.2.0/libexec/gcc/x86_64-pc-linux-gnu/11.2.0/lto-wrapper
Target: x86_64-pc-linux-gnu
Configured with: ./configure --prefix=/shared/apps/gcc/11.2.0 --enable-languages=c,c++,fortran,objc,obj-c++ --disable-multilib --enable-lto --enable-plugin
Thread model: posix
Supported LTO compression algorithms: zlib
gcc version 11.2.0 (GCC) 
COMPILER_PATH=/shared/apps/gcc/11.2.0/libexec/gcc/x86_64-pc-linux-gnu/11.2.0/:/shared/apps/gcc/11.2.0/libexec/gcc/x86_64-pc-linux-gnu/11.2.0/:/shared/apps/gcc/11.2.0/libexec/gcc/x86_64-pc-linux-gnu/:/shared/apps/gcc/11.2.0/lib/gcc/x86_64-pc-linux-gnu/11.2.0/:/shared/apps/gcc/11.2.0/lib/gcc/x86_64-pc-linux-gnu/
LIBRARY_PATH=/home/th27wyci/.moduletree/packages/.gcc/11.2/metacg/0.10.0/lib64/../lib64/:/home/th27wyci/.moduletree/packages/.gcc/11.2/metacg/0.10.0/lib/../lib64/:/shared/apps/gcc/11.2.0/lib64/../lib64/:/shared/apps/gcc/11.2.0/lib/gcc/x86_64-pc-linux-gnu/11.2.0/:/shared/apps/gcc/11.2.0/lib/gcc/x86_64-pc-linux-gnu/11.2.0/../../../../lib64/:/lib/../lib64/:/usr/lib/../lib64/:/home/th27wyci/.moduletree/packages/.gcc/11.2/metacg/0.10.0/lib64/:/home/th27wyci/.moduletree/packages/.gcc/11.2/metacg/0.10.0/lib/:/home/groups/da_sc/moduletree/packages-2023-08-24/.gcc/11.2/clang/18.1.1/lib/:/shared/apps/gcc/11.2.0/lib64/:/shared/apps/gcc/11.2.0/lib/gcc/x86_64-pc-linux-gnu/11.2.0/../../../:/lib/:/usr/lib/
COLLECT_GCC_OPTIONS='-v' '-o' 'cmTC_ee957' '-shared-libgcc' '-mtune=generic' '-march=x86-64' '-dumpdir' 'cmTC_ee957.'
 /shared/apps/gcc/11.2.0/libexec/gcc/x86_64-pc-linux-gnu/11.2.0/collect2 -plugin /shared/apps/gcc/11.2.0/libexec/gcc/x86_64-pc-linux-gnu/11.2.0/liblto_plugin.so -plugin-opt=/shared/apps/gcc/11.2.0/libexec/gcc/x86_64-pc-linux-gnu/11.2.0/lto-wrapper -plugin-opt=-fresolution=/tmp/ccpuDvMw.res -plugin-opt=-pass-through=-lgcc_s -plugin-opt=-pass-through=-lgcc -plugin-opt=-pass-through=-lc -plugin-opt=-pass-through=-lgcc_s -plugin-opt=-pass-through=-lgcc --eh-frame-hdr -m elf_x86_64 -dynamic-linker /lib64/ld-linux-x86-64.so.2 -o cmTC_ee957 /lib/../lib64/crt1.o /lib/../lib64/crti.o /shared/apps/gcc/11.2.0/lib/gcc/x86_64-pc-linux-gnu/11.2.0/crtbegin.o -L/home/th27wyci/.moduletree/packages/.gcc/11.2/metacg/0.10.0/lib64/../lib64 -L/home/th27wyci/.moduletree/packages/.gcc/11.2/metacg/0.10.0/lib/../lib64 -L/shared/apps/gcc/11.2.0/lib64/../lib64 -L/shared/apps/gcc/11.2.0/lib/gcc/x86_64-pc-linux-gnu/11.2.0 -L/shared/apps/gcc/11.2.0/lib/gcc/x86_64-pc-linux-gnu/11.2.0/../../../../lib64 -L/lib/../lib64 -L/usr/lib/../lib64 -L/home/th27wyci/.moduletree/packages/.gcc/11.2/metacg/0.10.0/lib64 -L/home/th27wyci/.moduletree/packages/.gcc/11.2/metacg/0.10.0/lib -L/home/groups/da_sc/moduletree/packages-2023-08-24/.gcc/11.2/clang/18.1.1/lib -L/shared/apps/gcc/11.2.0/lib64 -L/shared/apps/gcc/11.2.0/lib/gcc/x86_64-pc-linux-gnu/11.2.0/../../.. CMakeFiles/cmTC_ee957.dir/CMakeCXXCompilerABI.cpp.o -lstdc++ -lm -lgcc_s -lgcc -lc -lgcc_s -lgcc /shared/apps/gcc/11.2.0/lib/gcc/x86_64-pc-linux-gnu/11.2.0/crtend.o /lib/../lib64/crtn.o
COLLECT_GCC_OPTIONS='-v' '-o' 'cmTC_ee957' '-shared-libgcc' '-mtune=generic' '-march=x86-64' '-dumpdir' 'cmTC_ee957.'
gmake[1]: Leaving directory '/work/home/th27wyci/gencc/cmake-build-debug-gencc/CMakeFiles/CMakeTmp'



Parsed CXX implicit include dir info from above output: rv=done
  found start of include info
  found start of implicit include info
    add: [/home/th27wyci/.moduletree/packages/.gcc/11.2/metacg/0.10.0/include]
    add: [/home/groups/da_sc/moduletree/packages-2023-08-24/.gcc/11.2/clang/18.1.1/include]
    add: [/shared/apps/gcc/11.2.0/lib/gcc/x86_64-pc-linux-gnu/11.2.0/../../../../include/c++/11.2.0]
    add: [/shared/apps/gcc/11.2.0/lib/gcc/x86_64-pc-linux-gnu/11.2.0/../../../../include/c++/11.2.0/x86_64-pc-linux-gnu]
    add: [/shared/apps/gcc/11.2.0/lib/gcc/x86_64-pc-linux-gnu/11.2.0/../../../../include/c++/11.2.0/backward]
    add: [/shared/apps/gcc/11.2.0/lib/gcc/x86_64-pc-linux-gnu/11.2.0/include]
    add: [/usr/local/include]
    add: [/shared/apps/gcc/11.2.0/include]
    add: [/shared/apps/gcc/11.2.0/lib/gcc/x86_64-pc-linux-gnu/11.2.0/include-fixed]
    add: [/usr/include]
  end of search list found
  collapse include dir [/home/th27wyci/.moduletree/packages/.gcc/11.2/metacg/0.10.0/include] ==> [/home/th27wyci/.moduletree/packages/.gcc/11.2/metacg/0.10.0/include]
  collapse include dir [/home/groups/da_sc/moduletree/packages-2023-08-24/.gcc/11.2/clang/18.1.1/include] ==> [/home/groups/da_sc/moduletree/packages-2023-08-24/.gcc/11.2/clang/18.1.1/include]
  collapse include dir [/shared/apps/gcc/11.2.0/lib/gcc/x86_64-pc-linux-gnu/11.2.0/../../../../include/c++/11.2.0] ==> [/shared/apps/gcc/11.2.0/include/c++/11.2.0]
  collapse include dir [/shared/apps/gcc/11.2.0/lib/gcc/x86_64-pc-linux-gnu/11.2.0/../../../../include/c++/11.2.0/x86_64-pc-linux-gnu] ==> [/shared/apps/gcc/11.2.0/include/c++/11.2.0/x86_64-pc-linux-gnu]
  collapse include dir [/shared/apps/gcc/11.2.0/lib/gcc/x86_64-pc-linux-gnu/11.2.0/../../../../include/c++/11.2.0/backward] ==> [/shared/apps/gcc/11.2.0/include/c++/11.2.0/backward]
  collapse include dir [/shared/apps/gcc/11.2.0/lib/gcc/x86_64-pc-linux-gnu/11.2.0/include] ==> [/shared/apps/gcc/11.2.0/lib/gcc/x86_64-pc-linux-gnu/11.2.0/include]
  collapse include dir [/usr/local/include] ==> [/usr/local/include]
  collapse include dir [/shared/apps/gcc/11.2.0/include] ==> [/shared/apps/gcc/11.2.0/include]
  collapse include dir [/shared/apps/gcc/11.2.0/lib/gcc/x86_64-pc-linux-gnu/11.2.0/include-fixed] ==> [/shared/apps/gcc/11.2.0/lib/gcc/x86_64-pc-linux-gnu/11.2.0/include-fixed]
  collapse include dir [/usr/include] ==> [/usr/include]
  implicit include dirs: [/home/th27wyci/.moduletree/packages/.gcc/11.2/metacg/0.10.0/include;/home/groups/da_sc/moduletree/packages-2023-08-24/.gcc/11.2/clang/18.1.1/include;/shared/apps/gcc/11.2.0/include/c++/11.2.0;/shared/apps/gcc/11.2.0/include/c++/11.2.0/x86_64-pc-linux-gnu;/shared/apps/gcc/11.2.0/include/c++/11.2.0/backward;/shared/apps/gcc/11.2.0/lib/gcc/x86_64-pc-linux-gnu/11.2.0/include;/usr/local/include;/shared/apps/gcc/11.2.0/include;/shared/apps/gcc/11.2.0/lib/gcc/x86_64-pc-linux-gnu/11.2.0/include-fixed;/usr/include]


Parsed CXX implicit link information from above output:
  link line regex: [^( *|.*[/\])(ld|CMAKE_LINK_STARTFILE-NOTFOUND|([^/\]+-)?ld|collect2)[^/\]*( |$)]
  ignore line: [Change Dir: /home/th27wyci/gencc/cmake-build-debug-gencc/CMakeFiles/CMakeTmp]
  ignore line: []
  ignore line: [Run Build Command(s):/usr/bin/gmake -f Makefile cmTC_ee957/fast && /usr/bin/gmake  -f CMakeFiles/cmTC_ee957.dir/build.make CMakeFiles/cmTC_ee957.dir/build]
  ignore line: [gmake[1]: Entering directory '/work/home/th27wyci/gencc/cmake-build-debug-gencc/CMakeFiles/CMakeTmp']
  ignore line: [Building CXX object CMakeFiles/cmTC_ee957.dir/CMakeCXXCompilerABI.cpp.o]
  ignore line: [/shared/apps/gcc/11.2.0/bin/g++   -v -o CMakeFiles/cmTC_ee957.dir/CMakeCXXCompilerABI.cpp.o -c /usr/share/cmake/Modules/CMakeCXXCompilerABI.cpp]
  ignore line: [Using built-in specs.]
  ignore line: [COLLECT_GCC=/shared/apps/gcc/11.2.0/bin/g++]
  ignore line: [Target: x86_64-pc-linux-gnu]
  ignore line: [Configured with: ./configure --prefix=/shared/apps/gcc/11.2.0 --enable-languages=c c++ fortran objc obj-c++ --disable-multilib --enable-lto --enable-plugin]
  ignore line: [Thread model: posix]
  ignore line: [Supported LTO compression algorithms: zlib]
  ignore line: [gcc version 11.2.0 (GCC) ]
  ignore line: [COLLECT_GCC_OPTIONS='-v' '-o' 'CMakeFiles/cmTC_ee957.dir/CMakeCXXCompilerABI.cpp.o' '-c' '-shared-libgcc' '-mtune=generic' '-march=x86-64' '-dumpdir' 'CMakeFiles/cmTC_ee957.dir/']
  ignore line: [ /shared/apps/gcc/11.2.0/libexec/gcc/x86_64-pc-linux-gnu/11.2.0/cc1plus -quiet -v -D_GNU_SOURCE /usr/share/cmake/Modules/CMakeCXXCompilerABI.cpp -quiet -dumpdir CMakeFiles/cmTC_ee957.dir/ -dumpbase CMakeCXXCompilerABI.cpp.cpp -dumpbase-ext .cpp -mtune=generic -march=x86-64 -version -o /tmp/cc2ThQj3.s]
  ignore line: [GNU C++17 (GCC) version 11.2.0 (x86_64-pc-linux-gnu)]
  ignore line: [	compiled by GNU C version 11.2.0  GMP version 6.1.0  MPFR version 3.1.6  MPC version 1.0.3  isl version isl-0.18-GMP]
  ignore line: []
  ignore line: [GGC heuristics: --param ggc-min-expand=100 --param ggc-min-heapsize=131072]
  ignore line: [ignoring nonexistent directory "/shared/apps/gcc/11.2.0/lib/gcc/x86_64-pc-linux-gnu/11.2.0/../../../../x86_64-pc-linux-gnu/include"]
  ignore line: [ignoring duplicate directory "/shared/apps/gcc/11.2.0/include"]
  ignore line: [  as it is a non-system directory that duplicates a system directory]
  ignore line: [#include "..." search starts here:]
  ignore line: [#include <...> search starts here:]
  ignore line: [ /home/th27wyci/.moduletree/packages/.gcc/11.2/metacg/0.10.0/include]
  ignore line: [ /home/groups/da_sc/moduletree/packages-2023-08-24/.gcc/11.2/clang/18.1.1/include]
  ignore line: [ /shared/apps/gcc/11.2.0/lib/gcc/x86_64-pc-linux-gnu/11.2.0/../../../../include/c++/11.2.0]
  ignore line: [ /shared/apps/gcc/11.2.0/lib/gcc/x86_64-pc-linux-gnu/11.2.0/../../../../include/c++/11.2.0/x86_64-pc-linux-gnu]
  ignore line: [ /shared/apps/gcc/11.2.0/lib/gcc/x86_64-pc-linux-gnu/11.2.0/../../../../include/c++/11.2.0/backward]
  ignore line: [ /shared/apps/gcc/11.2.0/lib/gcc/x86_64-pc-linux-gnu/11.2.0/include]
  ignore line: [ /usr/local/include]
  ignore line: [ /shared/apps/gcc/11.2.0/include]
  ignore line: [ /shared/apps/gcc/11.2.0/lib/gcc/x86_64-pc-linux-gnu/11.2.0/include-fixed]
  ignore line: [ /usr/include]
  ignore line: [End of search list.]
  ignore line: [GNU C++17 (GCC) version 11.2.0 (x86_64-pc-linux-gnu)]
  ignore line: [	compiled by GNU C version 11.2.0  GMP version 6.1.0  MPFR version 3.1.6  MPC version 1.0.3  isl version isl-0.18-GMP]
  ignore line: []
  ignore line: [GGC heuristics: --param ggc-min-expand=100 --param ggc-min-heapsize=131072]
  ignore line: [Compiler executable checksum: d9828389386e1550675627c04b6402f1]
  ignore line: [COLLECT_GCC_OPTIONS='-v' '-o' 'CMakeFiles/cmTC_ee957.dir/CMakeCXXCompilerABI.cpp.o' '-c' '-shared-libgcc' '-mtune=generic' '-march=x86-64' '-dumpdir' 'CMakeFiles/cmTC_ee957.dir/']
  ignore line: [ as -v --64 -o CMakeFiles/cmTC_ee957.dir/CMakeCXXCompilerABI.cpp.o /tmp/cc2ThQj3.s]
  ignore line: [GNU assembler version 2.30 (x86_64-redhat-linux) using BFD version version 2.30-119.el8]
  ignore line: [COMPILER_PATH=/shared/apps/gcc/11.2.0/libexec/gcc/x86_64-pc-linux-gnu/11.2.0/:/shared/apps/gcc/11.2.0/libexec/gcc/x86_64-pc-linux-gnu/11.2.0/:/shared/apps/gcc/11.2.0/libexec/gcc/x86_64-pc-linux-gnu/:/shared/apps/gcc/11.2.0/lib/gcc/x86_64-pc-linux-gnu/11.2.0/:/shared/apps/gcc/11.2.0/lib/gcc/x86_64-pc-linux-gnu/]
  ignore line: [LIBRARY_PATH=/home/th27wyci/.moduletree/packages/.gcc/11.2/metacg/0.10.0/lib64/../lib64/:/home/th27wyci/.moduletree/packages/.gcc/11.2/metacg/0.10.0/lib/../lib64/:/shared/apps/gcc/11.2.0/lib64/../lib64/:/shared/apps/gcc/11.2.0/lib/gcc/x86_64-pc-linux-gnu/11.2.0/:/shared/apps/gcc/11.2.0/lib/gcc/x86_64-pc-linux-gnu/11.2.0/../../../../lib64/:/lib/../lib64/:/usr/lib/../lib64/:/home/th27wyci/.moduletree/packages/.gcc/11.2/metacg/0.10.0/lib64/:/home/th27wyci/.moduletree/packages/.gcc/11.2/metacg/0.10.0/lib/:/home/groups/da_sc/moduletree/packages-2023-08-24/.gcc/11.2/clang/18.1.1/lib/:/shared/apps/gcc/11.2.0/lib64/:/shared/apps/gcc/11.2.0/lib/gcc/x86_64-pc-linux-gnu/11.2.0/../../../:/lib/:/usr/lib/]
  ignore line: [COLLECT_GCC_OPTIONS='-v' '-o' 'CMakeFiles/cmTC_ee957.dir/CMakeCXXCompilerABI.cpp.o' '-c' '-shared-libgcc' '-mtune=generic' '-march=x86-64' '-dumpdir' 'CMakeFiles/cmTC_ee957.dir/CMakeCXXCompilerABI.cpp.']
  ignore line: [Linking CXX executable cmTC_ee957]
  ignore line: [/usr/bin/cmake -E cmake_link_script CMakeFiles/cmTC_ee957.dir/link.txt --verbose=1]
  ignore line: [/shared/apps/gcc/11.2.0/bin/g++  -v CMakeFiles/cmTC_ee957.dir/CMakeCXXCompilerABI.cpp.o -o cmTC_ee957 ]
  ignore line: [Using built-in specs.]
  ignore line: [COLLECT_GCC=/shared/apps/gcc/11.2.0/bin/g++]
  ignore line: [COLLECT_LTO_WRAPPER=/shared/apps/gcc/11.2.0/libexec/gcc/x86_64-pc-linux-gnu/11.2.0/lto-wrapper]
  ignore line: [Target: x86_64-pc-linux-gnu]
  ignore line: [Configured with: ./configure --prefix=/shared/apps/gcc/11.2.0 --enable-languages=c c++ fortran objc obj-c++ --disable-multilib --enable-lto --enable-plugin]
  ignore line: [Thread model: posix]
  ignore line: [Supported LTO compression algorithms: zlib]
  ignore line: [gcc version 11.2.0 (GCC) ]
  ignore line: [COMPILER_PATH=/shared/apps/gcc/11.2.0/libexec/gcc/x86_64-pc-linux-gnu/11.2.0/:/shared/apps/gcc/11.2.0/libexec/gcc/x86_64-pc-linux-gnu/11.2.0/:/shared/apps/gcc/11.2.0/libexec/gcc/x86_64-pc-linux-gnu/:/shared/apps/gcc/11.2.0/lib/gcc/x86_64-pc-linux-gnu/11.2.0/:/shared/apps/gcc/11.2.0/lib/gcc/x86_64-pc-linux-gnu/]
  ignore line: [LIBRARY_PATH=/home/th27wyci/.moduletree/packages/.gcc/11.2/metacg/0.10.0/lib64/../lib64/:/home/th27wyci/.moduletree/packages/.gcc/11.2/metacg/0.10.0/lib/../lib64/:/shared/apps/gcc/11.2.0/lib64/../lib64/:/shared/apps/gcc/11.2.0/lib/gcc/x86_64-pc-linux-gnu/11.2.0/:/shared/apps/gcc/11.2.0/lib/gcc/x86_64-pc-linux-gnu/11.2.0/../../../../lib64/:/lib/../lib64/:/usr/lib/../lib64/:/home/th27wyci/.moduletree/packages/.gcc/11.2/metacg/0.10.0/lib64/:/home/th27wyci/.moduletree/packages/.gcc/11.2/metacg/0.10.0/lib/:/home/groups/da_sc/moduletree/packages-2023-08-24/.gcc/11.2/clang/18.1.1/lib/:/shared/apps/gcc/11.2.0/lib64/:/shared/apps/gcc/11.2.0/lib/gcc/x86_64-pc-linux-gnu/11.2.0/../../../:/lib/:/usr/lib/]
  ignore line: [COLLECT_GCC_OPTIONS='-v' '-o' 'cmTC_ee957' '-shared-libgcc' '-mtune=generic' '-march=x86-64' '-dumpdir' 'cmTC_ee957.']
  link line: [ /shared/apps/gcc/11.2.0/libexec/gcc/x86_64-pc-linux-gnu/11.2.0/collect2 -plugin /shared/apps/gcc/11.2.0/libexec/gcc/x86_64-pc-linux-gnu/11.2.0/liblto_plugin.so -plugin-opt=/shared/apps/gcc/11.2.0/libexec/gcc/x86_64-pc-linux-gnu/11.2.0/lto-wrapper -plugin-opt=-fresolution=/tmp/ccpuDvMw.res -plugin-opt=-pass-through=-lgcc_s -plugin-opt=-pass-through=-lgcc -plugin-opt=-pass-through=-lc -plugin-opt=-pass-through=-lgcc_s -plugin-opt=-pass-through=-lgcc --eh-frame-hdr -m elf_x86_64 -dynamic-linker /lib64/ld-linux-x86-64.so.2 -o cmTC_ee957 /lib/../lib64/crt1.o /lib/../lib64/crti.o /shared/apps/gcc/11.2.0/lib/gcc/x86_64-pc-linux-gnu/11.2.0/crtbegin.o -L/home/th27wyci/.moduletree/packages/.gcc/11.2/metacg/0.10.0/lib64/../lib64 -L/home/th27wyci/.moduletree/packages/.gcc/11.2/metacg/0.10.0/lib/../lib64 -L/shared/apps/gcc/11.2.0/lib64/../lib64 -L/shared/apps/gcc/11.2.0/lib/gcc/x86_64-pc-linux-gnu/11.2.0 -L/shared/apps/gcc/11.2.0/lib/gcc/x86_64-pc-linux-gnu/11.2.0/../../../../lib64 -L/lib/../lib64 -L/usr/lib/../lib64 -L/home/th27wyci/.moduletree/packages/.gcc/11.2/metacg/0.10.0/lib64 -L/home/th27wyci/.moduletree/packages/.gcc/11.2/metacg/0.10.0/lib -L/home/groups/da_sc/moduletree/packages-2023-08-24/.gcc/11.2/clang/18.1.1/lib -L/shared/apps/gcc/11.2.0/lib64 -L/shared/apps/gcc/11.2.0/lib/gcc/x86_64-pc-linux-gnu/11.2.0/../../.. CMakeFiles/cmTC_ee957.dir/CMakeCXXCompilerABI.cpp.o -lstdc++ -lm -lgcc_s -lgcc -lc -lgcc_s -lgcc /shared/apps/gcc/11.2.0/lib/gcc/x86_64-pc-linux-gnu/11.2.0/crtend.o /lib/../lib64/crtn.o]
    arg [/shared/apps/gcc/11.2.0/libexec/gcc/x86_64-pc-linux-gnu/11.2.0/collect2] ==> ignore
    arg [-plugin] ==> ignore
    arg [/shared/apps/gcc/11.2.0/libexec/gcc/x86_64-pc-linux-gnu/11.2.0/liblto_plugin.so] ==> ignore
    arg [-plugin-opt=/shared/apps/gcc/11.2.0/libexec/gcc/x86_64-pc-linux-gnu/11.2.0/lto-wrapper] ==> ignore
    arg [-plugin-opt=-fresolution=/tmp/ccpuDvMw.res] ==> ignore
    arg [-plugin-opt=-pass-through=-lgcc_s] ==> ignore
    arg [-plugin-opt=-pass-through=-lgcc] ==> ignore
    arg [-plugin-opt=-pass-through=-lc] ==> ignore
    arg [-plugin-opt=-pass-through=-lgcc_s] ==> ignore
    arg [-plugin-opt=-pass-through=-lgcc] ==> ignore
    arg [--eh-frame-hdr] ==> ignore
    arg [-m] ==> ignore
    arg [elf_x86_64] ==> ignore
    arg [-dynamic-linker] ==> ignore
    arg [/lib64/ld-linux-x86-64.so.2] ==> ignore
    arg [-o] ==> ignore
    arg [cmTC_ee957] ==> ignore
    arg [/lib/../lib64/crt1.o] ==> obj [/lib/../lib64/crt1.o]
    arg [/lib/../lib64/crti.o] ==> obj [/lib/../lib64/crti.o]
    arg [/shared/apps/gcc/11.2.0/lib/gcc/x86_64-pc-linux-gnu/11.2.0/crtbegin.o] ==> obj [/shared/apps/gcc/11.2.0/lib/gcc/x86_64-pc-linux-gnu/11.2.0/crtbegin.o]
    arg [-L/home/th27wyci/.moduletree/packages/.gcc/11.2/metacg/0.10.0/lib64/../lib64] ==> dir [/home/th27wyci/.moduletree/packages/.gcc/11.2/metacg/0.10.0/lib64/../lib64]
    arg [-L/home/th27wyci/.moduletree/packages/.gcc/11.2/metacg/0.10.0/lib/../lib64] ==> dir [/home/th27wyci/.moduletree/packages/.gcc/11.2/metacg/0.10.0/lib/../lib64]
    arg [-L/shared/apps/gcc/11.2.0/lib64/../lib64] ==> dir [/shared/apps/gcc/11.2.0/lib64/../lib64]
    arg [-L/shared/apps/gcc/11.2.0/lib/gcc/x86_64-pc-linux-gnu/11.2.0] ==> dir [/shared/apps/gcc/11.2.0/lib/gcc/x86_64-pc-linux-gnu/11.2.0]
    arg [-L/shared/apps/gcc/11.2.0/lib/gcc/x86_64-pc-linux-gnu/11.2.0/../../../../lib64] ==> dir [/shared/apps/gcc/11.2.0/lib/gcc/x86_64-pc-linux-gnu/11.2.0/../../../../lib64]
    arg [-L/lib/../lib64] ==> dir [/lib/../lib64]
    arg [-L/usr/lib/../lib64] ==> dir [/usr/lib/../lib64]
    arg [-L/home/th27wyci/.moduletree/packages/.gcc/11.2/metacg/0.10.0/lib64] ==> dir [/home/th27wyci/.moduletree/packages/.gcc/11.2/metacg/0.10.0/lib64]
    arg [-L/home/th27wyci/.moduletree/packages/.gcc/11.2/metacg/0.10.0/lib] ==> dir [/home/th27wyci/.moduletree/packages/.gcc/11.2/metacg/0.10.0/lib]
    arg [-L/home/groups/da_sc/moduletree/packages-2023-08-24/.gcc/11.2/clang/18.1.1/lib] ==> dir [/home/groups/da_sc/moduletree/packages-2023-08-24/.gcc/11.2/clang/18.1.1/lib]
    arg [-L/shared/apps/gcc/11.2.0/lib64] ==> dir [/shared/apps/gcc/11.2.0/lib64]
    arg [-L/shared/apps/gcc/11.2.0/lib/gcc/x86_64-pc-linux-gnu/11.2.0/../../..] ==> dir [/shared/apps/gcc/11.2.0/lib/gcc/x86_64-pc-linux-gnu/11.2.0/../../..]
    arg [CMakeFiles/cmTC_ee957.dir/CMakeCXXCompilerABI.cpp.o] ==> ignore
    arg [-lstdc++] ==> lib [stdc++]
    arg [-lm] ==> lib [m]
    arg [-lgcc_s] ==> lib [gcc_s]
    arg [-lgcc] ==> lib [gcc]
    arg [-lc] ==> lib [c]
    arg [-lgcc_s] ==> lib [gcc_s]
    arg [-lgcc] ==> lib [gcc]
    arg [/shared/apps/gcc/11.2.0/lib/gcc/x86_64-pc-linux-gnu/11.2.0/crtend.o] ==> obj [/shared/apps/gcc/11.2.0/lib/gcc/x86_64-pc-linux-gnu/11.2.0/crtend.o]
    arg [/lib/../lib64/crtn.o] ==> obj [/lib/../lib64/crtn.o]
  collapse obj [/lib/../lib64/crt1.o] ==> [/lib64/crt1.o]
  collapse obj [/lib/../lib64/crti.o] ==> [/lib64/crti.o]
  collapse obj [/lib/../lib64/crtn.o] ==> [/lib64/crtn.o]
  collapse library dir [/home/th27wyci/.moduletree/packages/.gcc/11.2/metacg/0.10.0/lib64/../lib64] ==> [/home/th27wyci/.moduletree/packages/.gcc/11.2/metacg/0.10.0/lib64]
  collapse library dir [/home/th27wyci/.moduletree/packages/.gcc/11.2/metacg/0.10.0/lib/../lib64] ==> [/home/th27wyci/.moduletree/packages/.gcc/11.2/metacg/0.10.0/lib64]
  collapse library dir [/shared/apps/gcc/11.2.0/lib64/../lib64] ==> [/shared/apps/gcc/11.2.0/lib64]
  collapse library dir [/shared/apps/gcc/11.2.0/lib/gcc/x86_64-pc-linux-gnu/11.2.0] ==> [/shared/apps/gcc/11.2.0/lib/gcc/x86_64-pc-linux-gnu/11.2.0]
  collapse library dir [/shared/apps/gcc/11.2.0/lib/gcc/x86_64-pc-linux-gnu/11.2.0/../../../../lib64] ==> [/shared/apps/gcc/11.2.0/lib64]
  collapse library dir [/lib/../lib64] ==> [/lib64]
  collapse library dir [/usr/lib/../lib64] ==> [/usr/lib64]
  collapse library dir [/home/th27wyci/.moduletree/packages/.gcc/11.2/metacg/0.10.0/lib64] ==> [/home/th27wyci/.moduletree/packages/.gcc/11.2/metacg/0.10.0/lib64]
  collapse library dir [/home/th27wyci/.moduletree/packages/.gcc/11.2/metacg/0.10.0/lib] ==> [/home/th27wyci/.moduletree/packages/.gcc/11.2/metacg/0.10.0/lib]
  collapse library dir [/home/groups/da_sc/moduletree/packages-2023-08-24/.gcc/11.2/clang/18.1.1/lib] ==> [/home/groups/da_sc/moduletree/packages-2023-08-24/.gcc/11.2/clang/18.1.1/lib]
  collapse library dir [/shared/apps/gcc/11.2.0/lib64] ==> [/shared/apps/gcc/11.2.0/lib64]
  collapse library dir [/shared/apps/gcc/11.2.0/lib/gcc/x86_64-pc-linux-gnu/11.2.0/../../..] ==> [/shared/apps/gcc/11.2.0/lib]
  implicit libs: [stdc++;m;gcc_s;gcc;c;gcc_s;gcc]
  implicit objs: [/lib64/crt1.o;/lib64/crti.o;/shared/apps/gcc/11.2.0/lib/gcc/x86_64-pc-linux-gnu/11.2.0/crtbegin.o;/shared/apps/gcc/11.2.0/lib/gcc/x86_64-pc-linux-gnu/11.2.0/crtend.o;/lib64/crtn.o]
  implicit dirs: [/home/th27wyci/.moduletree/packages/.gcc/11.2/metacg/0.10.0/lib64;/shared/apps/gcc/11.2.0/lib64;/shared/apps/gcc/11.2.0/lib/gcc/x86_64-pc-linux-gnu/11.2.0;/lib64;/usr/lib64;/home/th27wyci/.moduletree/packages/.gcc/11.2/metacg/0.10.0/lib;/home/groups/da_sc/moduletree/packages-2023-08-24/.gcc/11.2/clang/18.1.1/lib;/shared/apps/gcc/11.2.0/lib]
  implicit fwks: []


Performing C SOURCE FILE Test Terminfo_LINKABLE succeeded with the following output:
Change Dir: /home/th27wyci/gencc/cmake-build-debug-gencc/CMakeFiles/CMakeTmp

Run Build Command(s):/usr/bin/gmake -f Makefile cmTC_1ebb5/fast && /usr/bin/gmake  -f CMakeFiles/cmTC_1ebb5.dir/build.make CMakeFiles/cmTC_1ebb5.dir/build
gmake[1]: Entering directory '/work/home/th27wyci/gencc/cmake-build-debug-gencc/CMakeFiles/CMakeTmp'
Building C object CMakeFiles/cmTC_1ebb5.dir/src.c.o
/shared/apps/gcc/11.2.0/bin/gcc -DTerminfo_LINKABLE   -o CMakeFiles/cmTC_1ebb5.dir/src.c.o -c /home/th27wyci/gencc/cmake-build-debug-gencc/CMakeFiles/CMakeTmp/src.c
Linking C executable cmTC_1ebb5
/usr/bin/cmake -E cmake_link_script CMakeFiles/cmTC_1ebb5.dir/link.txt --verbose=1
/shared/apps/gcc/11.2.0/bin/gcc CMakeFiles/cmTC_1ebb5.dir/src.c.o -o cmTC_1ebb5  /usr/lib64/libtinfo.so 
gmake[1]: Leaving directory '/work/home/th27wyci/gencc/cmake-build-debug-gencc/CMakeFiles/CMakeTmp'


Source file was:
    #ifdef __cplusplus
    extern "C" {
    #endif
    int setupterm(char *term, int filedes, int *errret);
    #ifdef __cplusplus
    }
    #endif
    int main(void) { return setupterm(0, 0, 0); }
    
Determining if the include file pthread.h exists passed with the following output:
Change Dir: /home/th27wyci/gencc/cmake-build-debug-gencc/CMakeFiles/CMakeTmp

Run Build Command(s):/usr/bin/gmake -f Makefile cmTC_9ee97/fast && /usr/bin/gmake  -f CMakeFiles/cmTC_9ee97.dir/build.make CMakeFiles/cmTC_9ee97.dir/build
gmake[1]: Entering directory '/work/home/th27wyci/gencc/cmake-build-debug-gencc/CMakeFiles/CMakeTmp'
Building C object CMakeFiles/cmTC_9ee97.dir/CheckIncludeFile.c.o
/shared/apps/gcc/11.2.0/bin/gcc    -o CMakeFiles/cmTC_9ee97.dir/CheckIncludeFile.c.o -c /home/th27wyci/gencc/cmake-build-debug-gencc/CMakeFiles/CMakeTmp/CheckIncludeFile.c
Linking C executable cmTC_9ee97
/usr/bin/cmake -E cmake_link_script CMakeFiles/cmTC_9ee97.dir/link.txt --verbose=1
/shared/apps/gcc/11.2.0/bin/gcc CMakeFiles/cmTC_9ee97.dir/CheckIncludeFile.c.o -o cmTC_9ee97 
gmake[1]: Leaving directory '/work/home/th27wyci/gencc/cmake-build-debug-gencc/CMakeFiles/CMakeTmp'



Determining if the function pthread_create exists in the pthread passed with the following output:
Change Dir: /home/th27wyci/gencc/cmake-build-debug-gencc/CMakeFiles/CMakeTmp

Run Build Command(s):/usr/bin/gmake -f Makefile cmTC_7c481/fast && /usr/bin/gmake  -f CMakeFiles/cmTC_7c481.dir/build.make CMakeFiles/cmTC_7c481.dir/build
gmake[1]: Entering directory '/work/home/th27wyci/gencc/cmake-build-debug-gencc/CMakeFiles/CMakeTmp'
Building C object CMakeFiles/cmTC_7c481.dir/CheckFunctionExists.c.o
/shared/apps/gcc/11.2.0/bin/gcc   -DCHECK_FUNCTION_EXISTS=pthread_create -o CMakeFiles/cmTC_7c481.dir/CheckFunctionExists.c.o -c /usr/share/cmake/Modules/CheckFunctionExists.c
Linking C executable cmTC_7c481
/usr/bin/cmake -E cmake_link_script CMakeFiles/cmTC_7c481.dir/link.txt --verbose=1
/shared/apps/gcc/11.2.0/bin/gcc  -DCHECK_FUNCTION_EXISTS=pthread_create CMakeFiles/cmTC_7c481.dir/CheckFunctionExists.c.o -o cmTC_7c481  -lpthread 
gmake[1]: Leaving directory '/work/home/th27wyci/gencc/cmake-build-debug-gencc/CMakeFiles/CMakeTmp'



